$ node scripts/generate-icons.js && node scripts/build-with-pagefind.cjs
🚀 Starting icon scan...
📦 Found 11 unique icons
✅ Generated /home/nathan/Documents/Perso/Blog/src/utils/icons.ts
🚀 Detected deployment platform: default
📁 Pagefind output directory: dist
🔨 Running Astro build...
npm warn Unknown project config "manage-package-manager-versions". This will stop working in the next major version of npm. See `npm help npmrc` for supported config options.
11:28:53 [content] Syncing content
11:28:53 [content] Synced content
11:28:53 [types] Generated 1.18s
11:28:53 [build] output: "static"
11:28:53 [build] mode: "static"
11:28:53 [build] directory: /home/nathan/Documents/Perso/Blog/dist/
11:28:53 [build] Collecting build info...
11:28:53 [build] ✓ Completed in 1.46s.
11:28:53 [build] Building static entrypoints...
11:29:00 [WARN] [vite] src/components/sidebar/statistics.tsx (6:9): "Category" is not exported by "src/utils/post.ts", imported by "src/components/sidebar/statistics.tsx".
11:29:00 [WARN] [vite] src/components/sidebar/statistics.tsx (7:9): "Tag" is not exported by "src/utils/tag.ts", imported by "src/components/sidebar/statistics.tsx".
11:29:03 [WARN] [vite] [plugin vite:reporter] 
(!) /home/nathan/Documents/Perso/Blog/src/i18n/i18nKey.ts is dynamically imported by /home/nathan/Documents/Perso/Blog/src/components/common/imageWrapper.astro but also statically imported by /home/nathan/Documents/Perso/Blog/src/components/data/projectCard.astro, /home/nathan/Documents/Perso/Blog/src/components/data/skillCard.astro, /home/nathan/Documents/Perso/Blog/src/components/data/timelineItem.astro, /home/nathan/Documents/Perso/Blog/src/components/post/license.astro, /home/nathan/Documents/Perso/Blog/src/components/post/postCard.astro, /home/nathan/Documents/Perso/Blog/src/components/post/postMeta.astro, /home/nathan/Documents/Perso/Blog/src/components/sidebar/announcement.astro, /home/nathan/Documents/Perso/Blog/src/components/sidebar/categories.astro, /home/nathan/Documents/Perso/Blog/src/components/sidebar/directory.astro, /home/nathan/Documents/Perso/Blog/src/components/sidebar/profile.astro, /home/nathan/Documents/Perso/Blog/src/components/sidebar/statistics.astro, /home/nathan/Documents/Perso/Blog/src/components/sidebar/tags.astro, /home/nathan/Documents/Perso/Blog/src/components/sidebar/toc.astro, /home/nathan/Documents/Perso/Blog/src/components/sidebar/widgetLayout.astro, /home/nathan/Documents/Perso/Blog/src/i18n/translation.ts, /home/nathan/Documents/Perso/Blog/src/pages/404.astro, /home/nathan/Documents/Perso/Blog/src/pages/[...locale]/albums.astro, /home/nathan/Documents/Perso/Blog/src/pages/[...locale]/albums/[id]/index.astro, /home/nathan/Documents/Perso/Blog/src/pages/[...locale]/anime.astro, /home/nathan/Documents/Perso/Blog/src/pages/[...locale]/archive.astro, /home/nathan/Documents/Perso/Blog/src/pages/[...locale]/atom.astro, /home/nathan/Documents/Perso/Blog/src/pages/[...locale]/diary.astro, /home/nathan/Documents/Perso/Blog/src/pages/[...locale]/posts/[...slug].astro, /home/nathan/Documents/Perso/Blog/src/pages/[...locale]/projects.astro, /home/nathan/Documents/Perso/Blog/src/pages/[...locale]/rss.astro, /home/nathan/Documents/Perso/Blog/src/pages/[...locale]/skills.astro, /home/nathan/Documents/Perso/Blog/src/pages/[...locale]/timeline.astro, /home/nathan/Documents/Perso/Blog/src/utils/directory.ts, dynamic import will not move module into another chunk.

11:29:03 [WARN] [vite] [plugin vite:reporter] 
(!) /home/nathan/Documents/Perso/Blog/src/i18n/locale-en.yml is dynamically imported by /home/nathan/Documents/Perso/Blog/src/components/common/imageWrapper.astro but also statically imported by /home/nathan/Documents/Perso/Blog/src/i18n/translation.ts, dynamic import will not move module into another chunk.

11:29:03 [WARN] [vite] [plugin vite:reporter] 
(!) /home/nathan/Documents/Perso/Blog/src/i18n/locale-fr.yml is dynamically imported by /home/nathan/Documents/Perso/Blog/src/components/common/imageWrapper.astro but also statically imported by /home/nathan/Documents/Perso/Blog/src/i18n/translation.ts, dynamic import will not move module into another chunk.

11:29:03 [WARN] [vite] [plugin vite:reporter] 
(!) /home/nathan/Documents/Perso/Blog/src/i18n/locales.ts is dynamically imported by /home/nathan/Documents/Perso/Blog/src/components/common/imageWrapper.astro but also statically imported by /home/nathan/Documents/Perso/Blog/src/components/navbar/translator.tsx, /home/nathan/Documents/Perso/Blog/src/i18n/translation.ts, /home/nathan/Documents/Perso/Blog/src/pages/[...locale]/[...menu].astro, /home/nathan/Documents/Perso/Blog/src/pages/[...locale]/posts/[...slug].astro, /home/nathan/Documents/Perso/Blog/src/utils/date.ts, /home/nathan/Documents/Perso/Blog/src/utils/locale.ts, dynamic import will not move module into another chunk.

11:29:03 [WARN] [vite] [plugin vite:reporter] 
(!) /home/nathan/Documents/Perso/Blog/src/i18n/translation.ts is dynamically imported by /home/nathan/Documents/Perso/Blog/src/components/common/imageWrapper.astro but also statically imported by /home/nathan/Documents/Perso/Blog/src/components/backwardButton.astro, /home/nathan/Documents/Perso/Blog/src/components/common/passwordProtection.astro, /home/nathan/Documents/Perso/Blog/src/components/data/projectCard.astro, /home/nathan/Documents/Perso/Blog/src/components/data/skillCard.astro, /home/nathan/Documents/Perso/Blog/src/components/data/timelineItem.astro, /home/nathan/Documents/Perso/Blog/src/components/navbar.astro, /home/nathan/Documents/Perso/Blog/src/components/post/license.astro, /home/nathan/Documents/Perso/Blog/src/components/post/postCard.astro, /home/nathan/Documents/Perso/Blog/src/components/post/postMeta.astro, /home/nathan/Documents/Perso/Blog/src/components/sidebar/announcement.astro, /home/nathan/Documents/Perso/Blog/src/components/sidebar/categories.astro, /home/nathan/Documents/Perso/Blog/src/components/sidebar/directory.astro, /home/nathan/Documents/Perso/Blog/src/components/sidebar/profile.astro, /home/nathan/Documents/Perso/Blog/src/components/sidebar/statistics.astro, /home/nathan/Documents/Perso/Blog/src/components/sidebar/tags.astro, /home/nathan/Documents/Perso/Blog/src/components/sidebar/toc.astro, /home/nathan/Documents/Perso/Blog/src/components/sidebar/widgetLayout.astro, /home/nathan/Documents/Perso/Blog/src/components/tocButton.astro, /home/nathan/Documents/Perso/Blog/src/constants/link-presets.ts, /home/nathan/Documents/Perso/Blog/src/pages/404.astro, /home/nathan/Documents/Perso/Blog/src/pages/[...locale]/albums.astro, /home/nathan/Documents/Perso/Blog/src/pages/[...locale]/albums/[id]/index.astro, /home/nathan/Documents/Perso/Blog/src/pages/[...locale]/anime.astro, /home/nathan/Documents/Perso/Blog/src/pages/[...locale]/archive.astro, /home/nathan/Documents/Perso/Blog/src/pages/[...locale]/atom.astro, /home/nathan/Documents/Perso/Blog/src/pages/[...locale]/diary.astro, /home/nathan/Documents/Perso/Blog/src/pages/[...locale]/posts/[...slug].astro, /home/nathan/Documents/Perso/Blog/src/pages/[...locale]/projects.astro, /home/nathan/Documents/Perso/Blog/src/pages/[...locale]/rss.astro, /home/nathan/Documents/Perso/Blog/src/pages/[...locale]/skills.astro, /home/nathan/Documents/Perso/Blog/src/pages/[...locale]/timeline.astro, /home/nathan/Documents/Perso/Blog/src/utils/directory.ts, dynamic import will not move module into another chunk.

11:29:03 [WARN] [vite] [plugin vite:reporter] 
(!) /home/nathan/Documents/Perso/Blog/src/utils/widget.ts is dynamically imported by /home/nathan/Documents/Perso/Blog/src/components/common/imageWrapper.astro but also statically imported by /home/nathan/Documents/Perso/Blog/src/components/navbar/displaySettings.tsx, /home/nathan/Documents/Perso/Blog/src/components/navbar/lightDarkSwitch.tsx, /home/nathan/Documents/Perso/Blog/src/components/navbar/navMenu.tsx, /home/nathan/Documents/Perso/Blog/src/components/navbar/search.tsx, /home/nathan/Documents/Perso/Blog/src/components/navbar/translator.tsx, /home/nathan/Documents/Perso/Blog/src/components/sidebar.astro, /home/nathan/Documents/Perso/Blog/src/components/sidebar/categories.astro, /home/nathan/Documents/Perso/Blog/src/components/sidebar/directory.astro, /home/nathan/Documents/Perso/Blog/src/components/sidebar/tags.astro, /home/nathan/Documents/Perso/Blog/src/components/sidebar/toc.ts, /home/nathan/Documents/Perso/Blog/src/layouts/grid.astro, dynamic import will not move module into another chunk.

11:29:03 [WARN] [vite] [plugin vite:reporter] 
(!) /home/nathan/Documents/Perso/Blog/src/components/common/iconifyLoader.astro is dynamically imported by /home/nathan/Documents/Perso/Blog/src/components/common/imageWrapper.astro but also statically imported by /home/nathan/Documents/Perso/Blog/src/layouts/grid.astro, /home/nathan/Documents/Perso/Blog/src/pages/[...locale]/skills.astro, /home/nathan/Documents/Perso/Blog/src/pages/[...locale]/timeline.astro, dynamic import will not move module into another chunk.

11:29:03 [WARN] [vite] [plugin vite:reporter] 
(!) /home/nathan/Documents/Perso/Blog/src/constants/link-presets.ts is dynamically imported by /home/nathan/Documents/Perso/Blog/src/components/common/imageWrapper.astro but also statically imported by /home/nathan/Documents/Perso/Blog/src/components/navbar.astro, /home/nathan/Documents/Perso/Blog/src/pages/[...locale]/[...menu].astro, /home/nathan/Documents/Perso/Blog/src/pages/[...locale]/albums.astro, /home/nathan/Documents/Perso/Blog/src/pages/[...locale]/anime.astro, /home/nathan/Documents/Perso/Blog/src/pages/[...locale]/archive.astro, /home/nathan/Documents/Perso/Blog/src/pages/[...locale]/diary.astro, /home/nathan/Documents/Perso/Blog/src/pages/[...locale]/friends.astro, /home/nathan/Documents/Perso/Blog/src/pages/[...locale]/projects.astro, /home/nathan/Documents/Perso/Blog/src/pages/[...locale]/skills.astro, /home/nathan/Documents/Perso/Blog/src/pages/[...locale]/timeline.astro, /home/nathan/Documents/Perso/Blog/src/utils/navigation.ts, dynamic import will not move module into another chunk.

11:29:03 [WARN] [vite] [plugin vite:reporter] 
(!) /home/nathan/Documents/Perso/Blog/src/components/navbar/navLinks.astro is dynamically imported by /home/nathan/Documents/Perso/Blog/src/components/common/imageWrapper.astro but also statically imported by /home/nathan/Documents/Perso/Blog/src/components/navbar.astro, dynamic import will not move module into another chunk.

11:29:03 [WARN] [vite] [plugin vite:reporter] 
(!) /home/nathan/Documents/Perso/Blog/src/utils/icons.ts is dynamically imported by /home/nathan/Documents/Perso/Blog/src/components/common/imageWrapper.astro but also statically imported by /home/nathan/Documents/Perso/Blog/src/components/common/icon.astro, /home/nathan/Documents/Perso/Blog/src/components/common/icon.tsx, dynamic import will not move module into another chunk.

11:29:03 [WARN] [vite] [plugin vite:reporter] 
(!) /home/nathan/Documents/Perso/Blog/src/components/common/icon.tsx is dynamically imported by /home/nathan/Documents/Perso/Blog/src/components/common/imageWrapper.astro but also statically imported by /home/nathan/Documents/Perso/Blog/src/components/navbar/displaySettings.tsx, /home/nathan/Documents/Perso/Blog/src/components/navbar/lightDarkSwitch.tsx, /home/nathan/Documents/Perso/Blog/src/components/navbar/navMenu.tsx, /home/nathan/Documents/Perso/Blog/src/components/navbar/search.tsx, /home/nathan/Documents/Perso/Blog/src/components/navbar/translator.tsx, dynamic import will not move module into another chunk.

11:29:03 [WARN] [vite] [plugin vite:reporter] 
(!) /home/nathan/Documents/Perso/Blog/src/components/navbar/navMenu.tsx is dynamically imported by /home/nathan/Documents/Perso/Blog/src/components/common/imageWrapper.astro but also statically imported by /home/nathan/Documents/Perso/Blog/src/components/navbar.astro, dynamic import will not move module into another chunk.

11:29:03 [WARN] [vite] [plugin vite:reporter] 
(!) /home/nathan/Documents/Perso/Blog/src/utils/navigation.ts is dynamically imported by /home/nathan/Documents/Perso/Blog/src/components/common/imageWrapper.astro but also statically imported by /home/nathan/Documents/Perso/Blog/src/components/backwardButton.astro, /home/nathan/Documents/Perso/Blog/src/components/navbar/search.tsx, dynamic import will not move module into another chunk.

11:29:03 [WARN] [vite] [plugin vite:reporter] 
(!) /home/nathan/Documents/Perso/Blog/src/components/common/DropdownPanel.tsx is dynamically imported by /home/nathan/Documents/Perso/Blog/src/components/common/imageWrapper.astro but also statically imported by /home/nathan/Documents/Perso/Blog/src/components/navbar/lightDarkSwitch.tsx, /home/nathan/Documents/Perso/Blog/src/components/navbar/search.tsx, /home/nathan/Documents/Perso/Blog/src/components/navbar/translator.tsx, dynamic import will not move module into another chunk.

11:29:03 [WARN] [vite] [plugin vite:reporter] 
(!) /home/nathan/Documents/Perso/Blog/src/components/navbar/search.tsx is dynamically imported by /home/nathan/Documents/Perso/Blog/src/components/common/imageWrapper.astro but also statically imported by /home/nathan/Documents/Perso/Blog/src/components/navbar.astro, dynamic import will not move module into another chunk.

11:29:03 [WARN] [vite] [plugin vite:reporter] 
(!) /home/nathan/Documents/Perso/Blog/src/constants/breakpoints.ts is dynamically imported by /home/nathan/Documents/Perso/Blog/src/components/common/imageWrapper.astro but also statically imported by /home/nathan/Documents/Perso/Blog/src/components/navbar/displaySettings.tsx, /home/nathan/Documents/Perso/Blog/src/components/navbar/lightDarkSwitch.tsx, /home/nathan/Documents/Perso/Blog/src/components/navbar/translator.tsx, dynamic import will not move module into another chunk.

11:29:03 [WARN] [vite] [plugin vite:reporter] 
(!) /home/nathan/Documents/Perso/Blog/src/components/common/DropdownItem.tsx is dynamically imported by /home/nathan/Documents/Perso/Blog/src/components/common/imageWrapper.astro but also statically imported by /home/nathan/Documents/Perso/Blog/src/components/navbar/lightDarkSwitch.tsx, /home/nathan/Documents/Perso/Blog/src/components/navbar/translator.tsx, dynamic import will not move module into another chunk.

11:29:03 [WARN] [vite] [plugin vite:reporter] 
(!) /home/nathan/Documents/Perso/Blog/src/components/navbar/translator.tsx is dynamically imported by /home/nathan/Documents/Perso/Blog/src/components/common/imageWrapper.astro but also statically imported by /home/nathan/Documents/Perso/Blog/src/components/navbar.astro, dynamic import will not move module into another chunk.

11:29:03 [WARN] [vite] [plugin vite:reporter] 
(!) /home/nathan/Documents/Perso/Blog/src/constants/constants.ts is dynamically imported by /home/nathan/Documents/Perso/Blog/src/components/common/imageWrapper.astro but also statically imported by /home/nathan/Documents/Perso/Blog/src/components/navbar/lightDarkSwitch.tsx, /home/nathan/Documents/Perso/Blog/src/components/sidebar/toc.astro, /home/nathan/Documents/Perso/Blog/src/components/sidebar/toc.ts, /home/nathan/Documents/Perso/Blog/src/components/tocButton.astro, /home/nathan/Documents/Perso/Blog/src/layouts/base.astro, /home/nathan/Documents/Perso/Blog/src/pages/[...locale]/[...page].astro, /home/nathan/Documents/Perso/Blog/src/pages/[...locale]/projects.astro, /home/nathan/Documents/Perso/Blog/src/pages/[...locale]/skills.astro, /home/nathan/Documents/Perso/Blog/src/utils/theme.ts, dynamic import will not move module into another chunk.

11:29:03 [WARN] [vite] [plugin vite:reporter] 
(!) /home/nathan/Documents/Perso/Blog/src/utils/theme.ts is dynamically imported by /home/nathan/Documents/Perso/Blog/src/components/common/imageWrapper.astro but also statically imported by /home/nathan/Documents/Perso/Blog/src/components/navbar/lightDarkSwitch.tsx, dynamic import will not move module into another chunk.

11:29:03 [WARN] [vite] [plugin vite:reporter] 
(!) /home/nathan/Documents/Perso/Blog/src/components/navbar/lightDarkSwitch.tsx is dynamically imported by /home/nathan/Documents/Perso/Blog/src/components/common/imageWrapper.astro but also statically imported by /home/nathan/Documents/Perso/Blog/src/components/navbar.astro, dynamic import will not move module into another chunk.

11:29:03 [WARN] [vite] [plugin vite:reporter] 
(!) /home/nathan/Documents/Perso/Blog/src/components/navbar.astro is dynamically imported by /home/nathan/Documents/Perso/Blog/src/components/common/imageWrapper.astro but also statically imported by /home/nathan/Documents/Perso/Blog/src/layouts/grid.astro, dynamic import will not move module into another chunk.

11:29:03 [WARN] [vite] [plugin vite:reporter] 
(!) /home/nathan/Documents/Perso/Blog/src/utils/analytics.ts is dynamically imported by /home/nathan/Documents/Perso/Blog/src/components/common/imageWrapper.astro but also statically imported by /home/nathan/Documents/Perso/Blog/src/components/post/postMeta.astro, /home/nathan/Documents/Perso/Blog/src/components/sidebar/profile.astro, /home/nathan/Documents/Perso/Blog/src/layouts/base.astro, dynamic import will not move module into another chunk.

11:29:03 [WARN] [vite] [plugin vite:reporter] 
(!) /home/nathan/Documents/Perso/Blog/src/components/sidebar/profile.astro is dynamically imported by /home/nathan/Documents/Perso/Blog/src/components/common/imageWrapper.astro but also statically imported by /home/nathan/Documents/Perso/Blog/src/components/sidebar.astro, dynamic import will not move module into another chunk.

11:29:03 [WARN] [vite] [plugin vite:reporter] 
(!) /home/nathan/Documents/Perso/Blog/src/components/sidebar/widgetLayout.astro is dynamically imported by /home/nathan/Documents/Perso/Blog/src/components/common/imageWrapper.astro but also statically imported by /home/nathan/Documents/Perso/Blog/src/components/sidebar/announcement.astro, /home/nathan/Documents/Perso/Blog/src/components/sidebar/categories.astro, /home/nathan/Documents/Perso/Blog/src/components/sidebar/directory.astro, /home/nathan/Documents/Perso/Blog/src/components/sidebar/tags.astro, /home/nathan/Documents/Perso/Blog/src/components/sidebar/toc.astro, dynamic import will not move module into another chunk.

11:29:03 [WARN] [vite] [plugin vite:reporter] 
(!) /home/nathan/Documents/Perso/Blog/src/components/sidebar/announcement.astro is dynamically imported by /home/nathan/Documents/Perso/Blog/src/components/common/imageWrapper.astro but also statically imported by /home/nathan/Documents/Perso/Blog/src/components/sidebar.astro, dynamic import will not move module into another chunk.

11:29:03 [WARN] [vite] [plugin vite:reporter] 
(!) /home/nathan/Documents/Perso/Blog/src/content/albums/example/jsonExample.json is dynamically imported by /home/nathan/Documents/Perso/Blog/src/components/common/imageWrapper.astro but also statically imported by /home/nathan/Documents/Perso/Blog/src/utils/albums.ts, dynamic import will not move module into another chunk.

11:29:03 [WARN] [vite] [plugin vite:reporter] 
(!) /home/nathan/Documents/Perso/Blog/src/utils/albums.ts is dynamically imported by /home/nathan/Documents/Perso/Blog/src/components/common/imageWrapper.astro but also statically imported by /home/nathan/Documents/Perso/Blog/src/pages/[...locale]/albums.astro, /home/nathan/Documents/Perso/Blog/src/pages/[...locale]/albums/[id]/index.astro, /home/nathan/Documents/Perso/Blog/src/utils/directory.ts, dynamic import will not move module into another chunk.

11:29:03 [WARN] [vite] [plugin vite:reporter] 
(!) /home/nathan/Documents/Perso/Blog/src/content/diary/example/jsonExample.json is dynamically imported by /home/nathan/Documents/Perso/Blog/src/components/common/imageWrapper.astro but also statically imported by /home/nathan/Documents/Perso/Blog/src/utils/diary.ts, dynamic import will not move module into another chunk.

11:29:03 [WARN] [vite] [plugin vite:reporter] 
(!) /home/nathan/Documents/Perso/Blog/src/utils/diary.ts is dynamically imported by /home/nathan/Documents/Perso/Blog/src/components/common/imageWrapper.astro but also statically imported by /home/nathan/Documents/Perso/Blog/src/pages/[...locale]/diary.astro, /home/nathan/Documents/Perso/Blog/src/utils/directory.ts, dynamic import will not move module into another chunk.

11:29:03 [WARN] [vite] [plugin vite:reporter] 
(!) /home/nathan/Documents/Perso/Blog/src/content/projects/Twilight/intro.json is dynamically imported by /home/nathan/Documents/Perso/Blog/src/components/common/imageWrapper.astro but also statically imported by /home/nathan/Documents/Perso/Blog/src/utils/projects.ts, dynamic import will not move module into another chunk.

11:29:03 [WARN] [vite] [plugin vite:reporter] 
(!) /home/nathan/Documents/Perso/Blog/src/utils/projects.ts is dynamically imported by /home/nathan/Documents/Perso/Blog/src/components/common/imageWrapper.astro but also statically imported by /home/nathan/Documents/Perso/Blog/src/pages/[...locale]/projects.astro, /home/nathan/Documents/Perso/Blog/src/utils/directory.ts, dynamic import will not move module into another chunk.

11:29:03 [WARN] [vite] [plugin vite:reporter] 
(!) /home/nathan/Documents/Perso/Blog/src/content/skills/astro.json is dynamically imported by /home/nathan/Documents/Perso/Blog/src/components/common/imageWrapper.astro but also statically imported by /home/nathan/Documents/Perso/Blog/src/utils/skills.ts, dynamic import will not move module into another chunk.

11:29:03 [WARN] [vite] [plugin vite:reporter] 
(!) /home/nathan/Documents/Perso/Blog/src/content/skills/git.json is dynamically imported by /home/nathan/Documents/Perso/Blog/src/components/common/imageWrapper.astro but also statically imported by /home/nathan/Documents/Perso/Blog/src/utils/skills.ts, dynamic import will not move module into another chunk.

11:29:03 [WARN] [vite] [plugin vite:reporter] 
(!) /home/nathan/Documents/Perso/Blog/src/content/skills/svelte.json is dynamically imported by /home/nathan/Documents/Perso/Blog/src/components/common/imageWrapper.astro but also statically imported by /home/nathan/Documents/Perso/Blog/src/utils/skills.ts, dynamic import will not move module into another chunk.

11:29:03 [WARN] [vite] [plugin vite:reporter] 
(!) /home/nathan/Documents/Perso/Blog/src/content/skills/tailwindcss.json is dynamically imported by /home/nathan/Documents/Perso/Blog/src/components/common/imageWrapper.astro but also statically imported by /home/nathan/Documents/Perso/Blog/src/utils/skills.ts, dynamic import will not move module into another chunk.

11:29:03 [WARN] [vite] [plugin vite:reporter] 
(!) /home/nathan/Documents/Perso/Blog/src/utils/skills.ts is dynamically imported by /home/nathan/Documents/Perso/Blog/src/components/common/imageWrapper.astro but also statically imported by /home/nathan/Documents/Perso/Blog/src/pages/[...locale]/skills.astro, /home/nathan/Documents/Perso/Blog/src/utils/directory.ts, dynamic import will not move module into another chunk.

11:29:03 [WARN] [vite] [plugin vite:reporter] 
(!) /home/nathan/Documents/Perso/Blog/src/content/timeline/first-template-project.json is dynamically imported by /home/nathan/Documents/Perso/Blog/src/components/common/imageWrapper.astro but also statically imported by /home/nathan/Documents/Perso/Blog/src/utils/timeline.ts, dynamic import will not move module into another chunk.

11:29:03 [WARN] [vite] [plugin vite:reporter] 
(!) /home/nathan/Documents/Perso/Blog/src/utils/timeline.ts is dynamically imported by /home/nathan/Documents/Perso/Blog/src/components/common/imageWrapper.astro but also statically imported by /home/nathan/Documents/Perso/Blog/src/pages/[...locale]/timeline.astro, /home/nathan/Documents/Perso/Blog/src/utils/directory.ts, dynamic import will not move module into another chunk.

11:29:03 [WARN] [vite] [plugin vite:reporter] 
(!) /home/nathan/Documents/Perso/Blog/src/utils/directory.ts is dynamically imported by /home/nathan/Documents/Perso/Blog/src/components/common/imageWrapper.astro but also statically imported by /home/nathan/Documents/Perso/Blog/src/components/sidebar/directory.astro, dynamic import will not move module into another chunk.

11:29:03 [WARN] [vite] [plugin vite:reporter] 
(!) /home/nathan/Documents/Perso/Blog/src/components/sidebar/directoryTree.tsx is dynamically imported by /home/nathan/Documents/Perso/Blog/src/components/common/imageWrapper.astro but also statically imported by /home/nathan/Documents/Perso/Blog/src/components/sidebar/directory.astro, dynamic import will not move module into another chunk.

11:29:03 [WARN] [vite] [plugin vite:reporter] 
(!) /home/nathan/Documents/Perso/Blog/src/components/sidebar/directory.astro is dynamically imported by /home/nathan/Documents/Perso/Blog/src/components/common/imageWrapper.astro but also statically imported by /home/nathan/Documents/Perso/Blog/src/components/sidebar.astro, dynamic import will not move module into another chunk.

11:29:03 [WARN] [vite] [plugin vite:reporter] 
(!) /home/nathan/Documents/Perso/Blog/src/components/common/buttonLink.astro is dynamically imported by /home/nathan/Documents/Perso/Blog/src/components/common/imageWrapper.astro but also statically imported by /home/nathan/Documents/Perso/Blog/src/components/sidebar/categoryItem.astro, dynamic import will not move module into another chunk.

11:29:03 [WARN] [vite] [plugin vite:reporter] 
(!) /home/nathan/Documents/Perso/Blog/src/components/sidebar/categoryItem.astro is dynamically imported by /home/nathan/Documents/Perso/Blog/src/components/common/imageWrapper.astro but also statically imported by /home/nathan/Documents/Perso/Blog/src/components/sidebar/categories.astro, dynamic import will not move module into another chunk.

11:29:03 [WARN] [vite] [plugin vite:reporter] 
(!) /home/nathan/Documents/Perso/Blog/src/components/sidebar/categories.astro is dynamically imported by /home/nathan/Documents/Perso/Blog/src/components/common/imageWrapper.astro but also statically imported by /home/nathan/Documents/Perso/Blog/src/components/sidebar.astro, dynamic import will not move module into another chunk.

11:29:03 [WARN] [vite] [plugin vite:reporter] 
(!) /home/nathan/Documents/Perso/Blog/src/components/common/buttonTag.astro is dynamically imported by /home/nathan/Documents/Perso/Blog/src/components/common/imageWrapper.astro but also statically imported by /home/nathan/Documents/Perso/Blog/src/components/sidebar/tags.astro, dynamic import will not move module into another chunk.

11:29:03 [WARN] [vite] [plugin vite:reporter] 
(!) /home/nathan/Documents/Perso/Blog/src/components/sidebar/tags.astro is dynamically imported by /home/nathan/Documents/Perso/Blog/src/components/common/imageWrapper.astro but also statically imported by /home/nathan/Documents/Perso/Blog/src/components/sidebar.astro, dynamic import will not move module into another chunk.

11:29:03 [WARN] [vite] [plugin vite:reporter] 
(!) /home/nathan/Documents/Perso/Blog/src/components/sidebar/statistics.tsx is dynamically imported by /home/nathan/Documents/Perso/Blog/src/components/common/imageWrapper.astro but also statically imported by /home/nathan/Documents/Perso/Blog/src/components/sidebar/statistics.astro, dynamic import will not move module into another chunk.

11:29:03 [WARN] [vite] [plugin vite:reporter] 
(!) /home/nathan/Documents/Perso/Blog/src/components/sidebar/statistics.astro is dynamically imported by /home/nathan/Documents/Perso/Blog/src/components/common/imageWrapper.astro but also statically imported by /home/nathan/Documents/Perso/Blog/src/components/sidebar.astro, dynamic import will not move module into another chunk.

11:29:03 [WARN] [vite] [plugin vite:reporter] 
(!) /home/nathan/Documents/Perso/Blog/src/components/sidebar/toc.astro is dynamically imported by /home/nathan/Documents/Perso/Blog/src/components/common/imageWrapper.astro but also statically imported by /home/nathan/Documents/Perso/Blog/src/components/sidebar.astro, dynamic import will not move module into another chunk.

11:29:03 [WARN] [vite] [plugin vite:reporter] 
(!) /home/nathan/Documents/Perso/Blog/src/components/sidebar.astro is dynamically imported by /home/nathan/Documents/Perso/Blog/src/components/common/imageWrapper.astro but also statically imported by /home/nathan/Documents/Perso/Blog/src/layouts/grid.astro, dynamic import will not move module into another chunk.

11:29:03 [WARN] [vite] [plugin vite:reporter] 
(!) /home/nathan/Documents/Perso/Blog/src/components/footer.astro is dynamically imported by /home/nathan/Documents/Perso/Blog/src/components/common/imageWrapper.astro but also statically imported by /home/nathan/Documents/Perso/Blog/src/layouts/grid.astro, dynamic import will not move module into another chunk.

11:29:03 [WARN] [vite] [plugin vite:reporter] 
(!) /home/nathan/Documents/Perso/Blog/src/components/tocButton.astro is dynamically imported by /home/nathan/Documents/Perso/Blog/src/components/common/imageWrapper.astro but also statically imported by /home/nathan/Documents/Perso/Blog/src/layouts/grid.astro, dynamic import will not move module into another chunk.

11:29:03 [WARN] [vite] [plugin vite:reporter] 
(!) /home/nathan/Documents/Perso/Blog/src/components/back2TopButton.astro is dynamically imported by /home/nathan/Documents/Perso/Blog/src/components/common/imageWrapper.astro but also statically imported by /home/nathan/Documents/Perso/Blog/src/layouts/grid.astro, dynamic import will not move module into another chunk.

11:29:03 [WARN] [vite] [plugin vite:reporter] 
(!) /home/nathan/Documents/Perso/Blog/src/constants/icon.ts is dynamically imported by /home/nathan/Documents/Perso/Blog/src/components/common/imageWrapper.astro but also statically imported by /home/nathan/Documents/Perso/Blog/src/layouts/base.astro, dynamic import will not move module into another chunk.

11:29:03 [WARN] [vite] [plugin vite:reporter] 
(!) /home/nathan/Documents/Perso/Blog/src/components/fontLoader.astro is dynamically imported by /home/nathan/Documents/Perso/Blog/src/components/common/imageWrapper.astro but also statically imported by /home/nathan/Documents/Perso/Blog/src/layouts/base.astro, dynamic import will not move module into another chunk.

11:29:03 [WARN] [vite] [plugin vite:reporter] 
(!) /home/nathan/Documents/Perso/Blog/src/components/configCarrier.astro is dynamically imported by /home/nathan/Documents/Perso/Blog/src/components/common/imageWrapper.astro but also statically imported by /home/nathan/Documents/Perso/Blog/src/layouts/base.astro, dynamic import will not move module into another chunk.

11:29:03 [WARN] [vite] [plugin vite:reporter] 
(!) /home/nathan/Documents/Perso/Blog/src/styles/navbar.css is dynamically imported by /home/nathan/Documents/Perso/Blog/src/components/common/imageWrapper.astro but also statically imported by /home/nathan/Documents/Perso/Blog/src/layouts/base.astro, dynamic import will not move module into another chunk.

11:29:03 [WARN] [vite] [plugin vite:reporter] 
(!) /home/nathan/Documents/Perso/Blog/src/styles/fancybox.css is dynamically imported by /home/nathan/Documents/Perso/Blog/src/components/common/imageWrapper.astro but also statically imported by /home/nathan/Documents/Perso/Blog/src/layouts/base.astro, dynamic import will not move module into another chunk.

11:29:03 [WARN] [vite] [plugin vite:reporter] 
(!) /home/nathan/Documents/Perso/Blog/src/layouts/base.astro is dynamically imported by /home/nathan/Documents/Perso/Blog/src/components/common/imageWrapper.astro but also statically imported by /home/nathan/Documents/Perso/Blog/src/layouts/grid.astro, dynamic import will not move module into another chunk.

11:29:03 [WARN] [vite] [plugin vite:reporter] 
(!) /home/nathan/Documents/Perso/Blog/src/styles/grid.css is dynamically imported by /home/nathan/Documents/Perso/Blog/src/components/common/imageWrapper.astro but also statically imported by /home/nathan/Documents/Perso/Blog/src/layouts/grid.astro, dynamic import will not move module into another chunk.

11:29:03 [WARN] [vite] [plugin vite:reporter] 
(!) /home/nathan/Documents/Perso/Blog/src/layouts/grid.astro is dynamically imported by /home/nathan/Documents/Perso/Blog/src/components/common/imageWrapper.astro but also statically imported by /home/nathan/Documents/Perso/Blog/src/pages/404.astro, /home/nathan/Documents/Perso/Blog/src/pages/[...locale]/[...menu].astro, /home/nathan/Documents/Perso/Blog/src/pages/[...locale]/[...page].astro, /home/nathan/Documents/Perso/Blog/src/pages/[...locale]/about.astro, /home/nathan/Documents/Perso/Blog/src/pages/[...locale]/albums.astro, /home/nathan/Documents/Perso/Blog/src/pages/[...locale]/albums/[id]/index.astro, /home/nathan/Documents/Perso/Blog/src/pages/[...locale]/anime.astro, /home/nathan/Documents/Perso/Blog/src/pages/[...locale]/archive.astro, /home/nathan/Documents/Perso/Blog/src/pages/[...locale]/atom.astro, /home/nathan/Documents/Perso/Blog/src/pages/[...locale]/diary.astro, /home/nathan/Documents/Perso/Blog/src/pages/[...locale]/friends.astro, /home/nathan/Documents/Perso/Blog/src/pages/[...locale]/posts/[...slug].astro, /home/nathan/Documents/Perso/Blog/src/pages/[...locale]/projects.astro, /home/nathan/Documents/Perso/Blog/src/pages/[...locale]/rss.astro, /home/nathan/Documents/Perso/Blog/src/pages/[...locale]/skills.astro, /home/nathan/Documents/Perso/Blog/src/pages/[...locale]/timeline.astro, dynamic import will not move module into another chunk.

11:29:05 [vite] ✓ built in 11.85s
11:29:07 [vite] ✓ built in 2.23s
11:29:07 [build] Rearranging server assets...

 generating static routes 
[GetStaticPathsRequired] `getStaticPaths()` function is required for dynamic routes. Make sure that you `export` a `getStaticPaths` function from your dynamic route.
  Hint:
    See https://docs.astro.build/en/guides/routing/#dynamic-routes for more information on dynamic routes.
    
    	If you meant for this route to be server-rendered, set `export const prerender = false;` in the page.
  Error reference:
    https://docs.astro.build/en/reference/errors/get-static-paths-required/
  Location:
    src/pages/[...locale]/atom.xml.ts:0:0
  Stack trace:
    at validateDynamicRouteModule (file:///home/nathan/Documents/Perso/Blog/node_modules/astro/dist/core/routing/validation.js:7:11)
    at #getPathsForRoute (file:///home/nathan/Documents/Perso/Blog/node_modules/astro/dist/runtime/prerender/static-paths.js:54:31)
    at async generatePages (file:///home/nathan/Documents/Perso/Blog/node_modules/astro/dist/core/build/generate.js:68:29)
    at async Object.buildApp (file:///home/nathan/Documents/Perso/Blog/node_modules/vite/dist/node/chunks/config.js:33914:5)
    at async viteBuild (file:///home/nathan/Documents/Perso/Blog/node_modules/astro/dist/core/build/static-build.js:76:3)
    at async AstroBuilder.run (file:///home/nathan/Documents/Perso/Blog/node_modules/astro/dist/core/build/index.js:200:7)
    at async build (file:///home/nathan/Documents/Perso/Blog/node_modules/astro/dist/cli/build/index.js:29:3)
    at async cli (file:///home/nathan/Documents/Perso/Blog/node_modules/astro/dist/cli/index.js:234:5)
❌ Build failed: Command failed: npx astro build
error: script "build" exited with code 1
